18:46:32 **** Incremental Build of configuration Debug for project LoraBORA ****
make -j8 all 
arm-none-eabi-gcc "../Core/Src/main.c" -mcpu=cortex-m3 -std=gnu11 -g3 -DDEBUG -DUSE_HAL_DRIVER -DSTM32F103xB -c -I../Core/Inc -I../Drivers/STM32F1xx_HAL_Driver/Inc -I../Drivers/STM32F1xx_HAL_Driver/Inc/Legacy -I../Drivers/CMSIS/Device/ST/STM32F1xx/Include -I../Drivers/CMSIS/Include -O0 -ffunction-sections -fdata-sections -Wall -fstack-usage -MMD -MP -MF"Core/Src/main.d" -MT"Core/Src/main.o" --specs=nano.specs -mfloat-abi=soft -mthumb -o "Core/Src/main.o"
arm-none-eabi-gcc -o "LoraBORA.elf" @"objects.list"   -mcpu=cortex-m3 -T"C:\Users\leona\OneDrive\Documentos\Tupa_CT\TesteLora\LoraBORA\STM32F103C8TX_FLASH.ld" --specs=nosys.specs -Wl,-Map="LoraBORA.map" -Wl,--gc-sections -static --specs=nano.specs -mfloat-abi=soft -mthumb -Wl,--start-group -lc -lm -Wl,--end-group
Finished building target: LoraBORA.elf
 
arm-none-eabi-size   LoraBORA.elf 
arm-none-eabi-objdump -h -S  LoraBORA.elf  > "LoraBORA.list"
arm-none-eabi-objcopy  -O binary  LoraBORA.elf  "LoraBORA.bin"
   text	   data	    bss	    dec	    hex	filename
  10912	     20	   1660	  12592	   3130	LoraBORA.elf
Finished building: default.size.stdout
 
Finished building: LoraBORA.bin
 
Finished building: LoraBORA.list
 
18:49:21 **** Incremental Build of configuration Debug for project LoraBORA ****
make -j8 all 
arm-none-eabi-size   LoraBORA.elf 
   text	   data	    bss	    dec	    hex	filename
  10912	     20	   1660	  12592	   3130	LoraBORA.elf
Finished building: default.size.stdout
 
18:49:41 **** Incremental Build of configuration Debug for project LoraBORA ****
make -j8 all 
arm-none-eabi-size   LoraBORA.elf 
   text	   data	    bss	    dec	    hex	filename
  10912	     20	   1660	  12592	   3130	LoraBORA.elf
Finished building: default.size.stdout
 
18:52:22 **** Incremental Build of configuration Debug for project LoraBORA ****
make -j8 all 
arm-none-eabi-size   LoraBORA.elf 
   text	   data	    bss	    dec	    hex	filename
  10912	     20	   1660	  12592	   3130	LoraBORA.elf
Finished building: default.size.stdout
 
18:53:11 **** Incremental Build of configuration Debug for project LoraBORA ****
make -j8 all 
arm-none-eabi-size   LoraBORA.elf 
   text	   data	    bss	    dec	    hex	filename
  10912	     20	   1660	  12592	   3130	LoraBORA.elf
Finished building: default.size.stdout
 
